// Jest Snapshot v1, https://goo.gl/fbAQLP

exports[`Stock Should match snapschot 1`] = `
<div>
  <div
    class="MuiChip-root MuiChip-filled MuiChip-sizeMedium MuiChip-colorSuccess MuiChip-filledSuccess css-18b01d5-MuiChip-root"
  >
    <span
      class="MuiChip-label MuiChip-labelMedium css-6od3lo-MuiChip-label"
    >
      stock.inStock
    </span>
  </div>
</div>
`;
