// Jest Snapshot v1, https://goo.gl/fbAQLP

exports[`SearchBar match snapshot SearchBar 1`] = `
<div>
  <div
    class="MuiPaper-root MuiPaper-outlined MuiPaper-rounded css-11hpgp0-MuiPaper-root"
  >
    <div
      class="MuiGrid-root MuiGrid-container css-3az692-MuiGrid-root"
    >
      <div
        class="MuiGrid-root MuiGrid-container MuiGrid-direction-xs-column css-psp8z9-MuiGrid-root"
      >
        <div
          style="display: flex; justify-content: space-between;"
        >
          <div
            style="display: flex; flex-direction: column;"
          >
            <div
              class="MuiGrid-root css-1pan2h9-MuiGrid-root"
            >
              searchBar.title
            </div>
            <div
              class="MuiGrid-root css-1bhfatf-MuiGrid-root"
            >
              searchBarResult
               
              (searchBarResult)
            </div>
          </div>
          <form>
            <div
              class="MuiFormControl-root css-x8sez7-MuiFormControl-root"
            >
              <div
                class="InputText__Wrapper css-newnfq"
              >
                <div
                  class="MuiInputBase-root MuiInputBase-colorPrimary MuiInputBase-formControl MuiInputBase-adornedEnd css-33c5sc-MuiInputBase-root"
                >
                  <input
                    aria-invalid="false"
                    class="MuiInputBase-input MuiInputBase-inputAdornedEnd css-ngazp5-MuiInputBase-input"
                    id="input-text"
                    placeholder="searchBar.placeholder"
                    type="text"
                    value=""
                  />
                  <div
                    class="MuiInputAdornment-root MuiInputAdornment-positionEnd MuiInputAdornment-standard MuiInputAdornment-sizeMedium css-yxo68r-MuiInputAdornment-root"
                  >
                    <ion-icon
                      name="search"
                    />
                  </div>
                </div>
              </div>
            </div>
          </form>
        </div>
      </div>
    </div>
  </div>
</div>
`;
