// Jest Snapshot v1, https://goo.gl/fbAQLP

exports[`ActiveLocales match snapshot ActiveLocales simple 1`] = `
<div>
  <div
    class="css-18qndi"
  >
    <div
      class="css-6ho6b6"
    >
      Total
    </div>
    <div
      class="css-1un2rp5"
    >
      <div
        class="css-akp1oj"
      >
        2
      </div>
      <div
        class="css-svua9k"
      >
        catalog.activeLocale
      </div>
    </div>
    <div
      class="css-1sfqhqu"
    >
      <div>
        <div
          class="css-1ahqu2p"
        >
          French (France)
        </div>
      </div>
      <div>
        <div
          class="css-1ahqu2p"
        >
          English (United States)
        </div>
      </div>
    </div>
  </div>
</div>
`;
