// Jest Snapshot v1, https://goo.gl/fbAQLP

exports[`Catalogs match snapshot Catalogs simple 1`] = `
<div>
  <div
    class="css-flbvz9"
  >
    <div
      class="css-1opcn7o"
    >
      3
       
      catalog.catalog
    </div>
    <div
      class="css-x8pnl5"
    >
      <div
        class="css-djnyj7"
      >
        <div
          class="css-6ho6b6"
        >
          COM Catalog
        </div>
        <div
          class="css-1un2rp5"
        >
          <div
            class="css-akp1oj"
          >
            2
          </div>
          <div
            class="css-svua9k"
          >
            catalog.activeLocale
          </div>
        </div>
        <div
          class="css-1sfqhqu"
        >
          <div>
            <div
              class="css-1ahqu2p"
            >
              French (France)
            </div>
          </div>
          <div>
            <div
              class="css-1ahqu2p"
            >
              English (United States)
            </div>
          </div>
        </div>
      </div>
      <div
        class="css-djnyj7"
      >
        <div
          class="css-6ho6b6"
        >
          FR Catalog
        </div>
        <div
          class="css-1un2rp5"
        >
          <div
            class="css-akp1oj"
          >
            2
          </div>
          <div
            class="css-svua9k"
          >
            catalog.activeLocale
          </div>
        </div>
        <div
          class="css-1sfqhqu"
        >
          <div>
            <div
              class="css-1ahqu2p"
            >
              French (France)
            </div>
          </div>
          <div>
            <div
              class="css-1ahqu2p"
            >
              English (United States)
            </div>
          </div>
        </div>
      </div>
      <div
        class="css-djnyj7"
      >
        <div
          class="css-6ho6b6"
        >
          UK Catalog
        </div>
        <div
          class="css-1un2rp5"
        >
          <div
            class="css-akp1oj"
          >
            2
          </div>
          <div
            class="css-svua9k"
          >
            catalog.activeLocale
          </div>
        </div>
        <div
          class="css-1sfqhqu"
        >
          <div>
            <div
              class="css-1ahqu2p"
            >
              French (France)
            </div>
          </div>
          <div>
            <div
              class="css-1ahqu2p"
            >
              English (United States)
            </div>
          </div>
        </div>
      </div>
    </div>
  </div>
</div>
`;
