// Jest Snapshot v1, https://goo.gl/fbAQLP

exports[`StickyBar should match snapshot 1`] = `
<div>
  <div
    class="MuiBox-root css-1mk22to"
    data-testid="sticky-bar"
    style="left: 0px;"
  >
    <div
      class="MuiBox-root css-1ed5lla"
    >
      <div>
        Hello Sticky
      </div>
    </div>
  </div>
</div>
`;
