// Jest Snapshot v1, https://goo.gl/fbAQLP

exports[`MenuItemIcon match snapshot 1`] = `
<div>
  <div
    class="css-jbglvz"
    data-testid="menuItemIcon"
  >
    <ion-icon
      data-testid="ionicon"
      src="/images/ionicons/analytics.svg"
      style="width: 18px; height: 18px;"
    />
    <span
      class="css-1skr4lk"
      data-testid="labelMenuItemIcon"
    >
      Analyze
    </span>
  </div>
</div>
`;
