// Jest Snapshot v1, https://goo.gl/fbAQLP

exports[`SearchTermsTable SearchTermsTable match snapshot 1`] = `
<div>
  <div
    style="width: 100%;"
  >
    <table
      class="css-1k86jay"
      data-testid="readOnlyTable"
    >
      <thead>
        <tr
          class=""
          data-testid="readOnlyTableRow"
        >
          <td
            style="width: 50%;"
          >
            Terms
          </td>
          <td
            style="width: 50%;"
          >
            Sessions
          </td>
        </tr>
      </thead>
      <tbody>
        <tr
          class=""
          data-testid="readOnlyTableRow"
        >
          <td>
            Test 3
          </td>
          <td>
            3
          </td>
        </tr>
        <tr
          class=""
          data-testid="readOnlyTableRow"
        >
          <td>
            Test 2
          </td>
          <td>
            2
          </td>
        </tr>
        <tr
          class=""
          data-testid="readOnlyTableRow"
        >
          <td>
            Test 1
          </td>
          <td>
            1
          </td>
        </tr>
      </tbody>
    </table>
  </div>
</div>
`;
