// Jest Snapshot v1, https://goo.gl/fbAQLP

exports[`Price Should match snapschot 1`] = `
<div>
  <div
    class="MuiBox-root css-1ci6mhc"
    data-testid="price"
  >
     
    100,00 €
  </div>
</div>
`;
