// Jest Snapshot v1, https://goo.gl/fbAQLP

exports[`TopProductTable Should match snapschot 1`] = `
<div>
  <div
    class="css-uj88lt"
  >
    <div
      class="MuiBox-root css-1ndjkvn"
    >
      <ion-icon
        name="trending-up-outline"
      />
      <div
        class="MuiBox-root css-1uy8uh1"
      >
        searchResults.topProducts
      </div>
    </div>
    <div
      class="MuiTableContainer-root css-vj1no2-MuiTableContainer-root"
    >
      <table
        class="MuiTable-root MuiTable-stickyHeader css-oiusu9-MuiTable-root"
      >
        <thead
          class="MuiTableHead-root css-15wwp11-MuiTableHead-root"
        >
          <tr
            class="MuiTableRow-root MuiTableRow-head css-1u1grnd-MuiTableRow-root"
          >
            <th
              class="MuiTableCell-root MuiTableCell-head MuiTableCell-stickyHeader MuiTableCell-sizeMedium css-kuopqj-MuiTableCell-root"
              scope="col"
            >
               
            </th>
            <th
              class="MuiTableCell-root MuiTableCell-head MuiTableCell-stickyHeader MuiTableCell-sizeMedium css-5sgoz0-MuiTableCell-root"
              scope="col"
            >
              Code
            </th>
            <th
              class="MuiTableCell-root MuiTableCell-head MuiTableCell-stickyHeader MuiTableCell-sizeMedium css-1ajbdxv-MuiTableCell-root"
              scope="col"
            >
              Image
            </th>
            <th
              class="MuiTableCell-root MuiTableCell-head MuiTableCell-stickyHeader MuiTableCell-sizeMedium css-5sgoz0-MuiTableCell-root"
              scope="col"
            >
              Name
            </th>
            <th
              class="MuiTableCell-root MuiTableCell-head MuiTableCell-stickyHeader MuiTableCell-sizeMedium css-1dw1mpg-MuiTableCell-root"
              scope="col"
            >
              Score
            </th>
            <th
              class="MuiTableCell-root MuiTableCell-head MuiTableCell-stickyHeader MuiTableCell-sizeMedium css-x62l01-MuiTableCell-root"
              scope="col"
            >
              In stock
            </th>
            <th
              class="MuiTableCell-root MuiTableCell-head MuiTableCell-stickyHeader MuiTableCell-sizeMedium css-1dw1mpg-MuiTableCell-root"
              scope="col"
            >
              Price
            </th>
            <th
              class="MuiTableCell-root MuiTableCell-head MuiTableCell-stickyHeader MuiTableCell-sizeMedium css-1ajbdxv-MuiTableCell-root"
              scope="col"
            >
              Visible
            </th>
          </tr>
        </thead>
        <tbody
          class="MuiTableBody-root css-apqrd9-MuiTableBody-root"
          data-rbd-droppable-context-id="0"
          data-rbd-droppable-id="droppableTable"
        >
          <tr
            class="MuiTableRow-root css-9mllys-MuiTableRow-root"
            data-rbd-draggable-context-id="0"
            data-rbd-draggable-id="1"
          >
            <td
              aria-describedby="rbd-hidden-text-0-hidden-text-0"
              class="MuiTableCell-root MuiTableCell-body MuiTableCell-sizeMedium css-fsbcfk-MuiTableCell-root"
              data-rbd-drag-handle-context-id="0"
              data-rbd-drag-handle-draggable-id="1"
              draggable="false"
              role="button"
              tabindex="0"
            >
              <div
                class="MuiBox-root css-siks6p"
              >
                <ion-icon
                  name="reorder-two-outline"
                />
              </div>
            </td>
            <td
              class="MuiTableCell-root MuiTableCell-body MuiTableCell-sizeMedium css-toz5yf-MuiTableCell-root"
            >
              <div
                class="css-12hsf1n"
              >
                VA03
              </div>
            </td>
            <td
              class="MuiTableCell-root MuiTableCell-body MuiTableCell-sizeMedium css-toz5yf-MuiTableCell-root"
            >
              <img
                alt="field.productImage"
                class="css-1qpslqa"
                src="https://localhost/media/catalog/product/static/media/assets/img/scarf_elastic.png"
              />
            </td>
            <td
              class="MuiTableCell-root MuiTableCell-body MuiTableCell-sizeMedium css-toz5yf-MuiTableCell-root"
            >
              <div
                class="css-12hsf1n"
              >
                Product name
              </div>
            </td>
            <td
              class="MuiTableCell-root MuiTableCell-body MuiTableCell-sizeMedium css-toz5yf-MuiTableCell-root"
            >
              <div
                class="MuiBox-root css-0"
              >
                <div
                  class="MuiBox-root css-1q1dwxg"
                >
                  100.11
                </div>
              </div>
            </td>
            <td
              class="MuiTableCell-root MuiTableCell-body MuiTableCell-sizeMedium css-toz5yf-MuiTableCell-root"
            >
              <div
                class="MuiChip-root MuiChip-filled MuiChip-sizeMedium MuiChip-colorSuccess MuiChip-filledSuccess css-18b01d5-MuiChip-root"
              >
                <span
                  class="MuiChip-label MuiChip-labelMedium css-6od3lo-MuiChip-label"
                >
                  stock.inStock
                </span>
              </div>
            </td>
            <td
              class="MuiTableCell-root MuiTableCell-body MuiTableCell-sizeMedium css-toz5yf-MuiTableCell-root"
            >
              <div
                class="MuiBox-root css-1ci6mhc"
              >
                 
                €10.00
              </div>
            </td>
            <td
              class="MuiTableCell-root MuiTableCell-body MuiTableCell-sizeMedium css-toz5yf-MuiTableCell-root"
            >
              <div
                class="css-12hsf1n"
              >
                filter.yes
              </div>
            </td>
          </tr>
          <tr
            class="MuiTableRow-root css-9mllys-MuiTableRow-root"
            data-rbd-draggable-context-id="0"
            data-rbd-draggable-id="2"
          >
            <td
              aria-describedby="rbd-hidden-text-0-hidden-text-0"
              class="MuiTableCell-root MuiTableCell-body MuiTableCell-sizeMedium css-fsbcfk-MuiTableCell-root"
              data-rbd-drag-handle-context-id="0"
              data-rbd-drag-handle-draggable-id="2"
              draggable="false"
              role="button"
              tabindex="0"
            >
              <div
                class="MuiBox-root css-siks6p"
              >
                <ion-icon
                  name="reorder-two-outline"
                />
              </div>
            </td>
            <td
              class="MuiTableCell-root MuiTableCell-body MuiTableCell-sizeMedium css-toz5yf-MuiTableCell-root"
            >
              <div
                class="css-12hsf1n"
              >
                VA03
              </div>
            </td>
            <td
              class="MuiTableCell-root MuiTableCell-body MuiTableCell-sizeMedium css-toz5yf-MuiTableCell-root"
            >
              <img
                alt="field.productImage"
                class="css-1qpslqa"
                src="https://localhost/media/catalog/product/static/media/assets/img/scarf_elastic.png"
              />
            </td>
            <td
              class="MuiTableCell-root MuiTableCell-body MuiTableCell-sizeMedium css-toz5yf-MuiTableCell-root"
            >
              <div
                class="css-12hsf1n"
              >
                Product name
              </div>
            </td>
            <td
              class="MuiTableCell-root MuiTableCell-body MuiTableCell-sizeMedium css-toz5yf-MuiTableCell-root"
            >
              <div
                class="MuiBox-root css-0"
              >
                <div
                  class="MuiBox-root css-1q1dwxg"
                >
                  100.11
                </div>
              </div>
            </td>
            <td
              class="MuiTableCell-root MuiTableCell-body MuiTableCell-sizeMedium css-toz5yf-MuiTableCell-root"
            >
              <div
                class="MuiChip-root MuiChip-filled MuiChip-sizeMedium MuiChip-colorError MuiChip-filledError css-1gbpvzg-MuiChip-root"
              >
                <span
                  class="MuiChip-label MuiChip-labelMedium css-6od3lo-MuiChip-label"
                >
                  stock.outOfStock
                </span>
              </div>
            </td>
            <td
              class="MuiTableCell-root MuiTableCell-body MuiTableCell-sizeMedium css-toz5yf-MuiTableCell-root"
            >
              <div
                class="MuiBox-root css-1ci6mhc"
              >
                 
                €10.00
              </div>
            </td>
            <td
              class="MuiTableCell-root MuiTableCell-body MuiTableCell-sizeMedium css-toz5yf-MuiTableCell-root"
            >
              <div
                class="css-12hsf1n"
              >
                filter.yes
              </div>
            </td>
          </tr>
        </tbody>
      </table>
    </div>
  </div>
</div>
`;
