// Jest Snapshot v1, https://goo.gl/fbAQLP

exports[`AppBar match snapshot AppBar simple 1`] = `
<div>
  <div
    class="css-19ii7w2"
    data-testid="appBar"
  >
    <nav
      aria-label="breadcrumb"
      class="MuiTypography-root MuiTypography-body1 MuiBreadcrumbs-root css-ayvqor-MuiTypography-root-MuiBreadcrumbs-root"
      data-testid="breadcrumbs"
    >
      <ol
        class="MuiBreadcrumbs-ol css-4pdmu4-MuiBreadcrumbs-ol"
      >
        <li
          class="MuiBreadcrumbs-li"
        >
          <p
            class="MuiTypography-root MuiTypography-body1 css-1kgipl8-MuiTypography-root"
          >
            <span
              class="css-6nl1o3"
            >
              Recherche
            </span>
          </p>
        </li>
      </ol>
    </nav>
    <div
      class="css-1gzl8uu"
    >
      <div
        class="MuiBox-root css-0"
        data-testid="helpTooltip"
      >
        <div
          class="css-b5pm8o"
        >
          <ion-icon
            data-testid="ionicon"
            src="/images/ionicons/help-circle-outline.svg"
            style="font-size: 18px; color: rgb(129, 135, 185);"
          />
        </div>
        <div
          class="MuiBox-root css-79elbk"
        >
          <div
            class="MuiCollapse-root MuiCollapse-vertical MuiCollapse-hidden css-199euq-MuiCollapse-root"
            style="min-height: 0px;"
          >
            <div
              class="MuiCollapse-wrapper MuiCollapse-vertical css-1642zpf-MuiCollapse-wrapper"
            >
              <div
                class="MuiCollapse-wrapperInner MuiCollapse-vertical css-xxknsj-MuiCollapse-wrapperInner"
              >
                <div
                  class="css-c7ciki"
                >
                  <div
                    class="css-r0i2lt"
                    data-testid="helpOver"
                  >
                    <a
                      class="css-ytumd6"
                      href="https://elasticsuite.zendesk.com"
                    >
                      Helpdesk
                    </a>
                    <a
                      class="css-ytumd6"
                      href="https://elastic-suite.github.io/documentation/"
                    >
                      User guide
                    </a>
                  </div>
                </div>
              </div>
            </div>
          </div>
        </div>
      </div>
      <div
        class="MuiBox-root css-0"
        data-testid="userMenu"
      >
        <div
          class="css-1gbhtbv"
        >
          <ion-icon
            data-testid="ionicon"
            src="/images/ionicons/person-outline.svg"
            style="font-size: 15px; color: rgb(129, 135, 185);"
          />
          <div
            class="css-14i4ulh"
            data-testid="userName"
          >
            Admin@example.com
          </div>
          <div
            class="css-1tg3i43"
          >
            <ion-icon
              data-testid="ionicon"
              src="/images/ionicons/chevron-down.svg"
              style="font-size: 15px; color: rgb(129, 135, 185);"
            />
          </div>
        </div>
        <div
          class="MuiBox-root css-79elbk"
        >
          <div
            class="MuiCollapse-root MuiCollapse-vertical MuiCollapse-hidden css-199euq-MuiCollapse-root"
            style="min-height: 0px;"
          >
            <div
              class="MuiCollapse-wrapper MuiCollapse-vertical css-1642zpf-MuiCollapse-wrapper"
            >
              <div
                class="MuiCollapse-wrapperInner MuiCollapse-vertical css-xxknsj-MuiCollapse-wrapperInner"
              >
                <div
                  class="css-1vcaigq"
                  data-testid="userMenuContent"
                >
                  <div
                    class="css-7hkggi"
                  >
                    <div
                      class="css-3lsmy"
                      data-testid="userEmail"
                    >
                      Admin@example.com
                    </div>
                    <div
                      class="css-1772pc6"
                    />
                    <div
                      class="css-9vgysh"
                      data-testid="logOutButton"
                    >
                      log.out
                    </div>
                  </div>
                </div>
              </div>
            </div>
          </div>
        </div>
      </div>
    </div>
  </div>
</div>
`;

exports[`AppBar match snapshot AppBarThreeSlug 1`] = `
<div>
  <div
    class="css-19ii7w2"
    data-testid="appBar"
  >
    <nav
      aria-label="breadcrumb"
      class="MuiTypography-root MuiTypography-body1 MuiBreadcrumbs-root css-ayvqor-MuiTypography-root-MuiBreadcrumbs-root"
      data-testid="breadcrumbs"
    >
      <ol
        class="MuiBreadcrumbs-ol css-4pdmu4-MuiBreadcrumbs-ol"
      >
        <li
          class="MuiBreadcrumbs-li"
        >
          <p
            class="MuiTypography-root MuiTypography-body1 css-1kgipl8-MuiTypography-root"
          >
            <span
              class="css-1epdhd3"
            >
              Recherche
            </span>
          </p>
        </li>
        <li
          aria-hidden="true"
          class="MuiBreadcrumbs-separator css-1wuw8dw-MuiBreadcrumbs-separator"
        >
          /
        </li>
        <li
          class="MuiBreadcrumbs-li"
        >
          <p
            class="MuiTypography-root MuiTypography-body1 css-1kgipl8-MuiTypography-root"
          >
            <span
              class="css-1epdhd3"
            >
              Configuration
            </span>
          </p>
        </li>
        <li
          aria-hidden="true"
          class="MuiBreadcrumbs-separator css-1wuw8dw-MuiBreadcrumbs-separator"
        >
          /
        </li>
        <li
          class="MuiBreadcrumbs-li"
        >
          <p
            class="MuiTypography-root MuiTypography-body1 css-1kgipl8-MuiTypography-root"
          >
            <span
              class="css-6nl1o3"
            >
              Autocompl√©tion
            </span>
          </p>
        </li>
      </ol>
    </nav>
    <div
      class="css-1gzl8uu"
    >
      <div
        class="MuiBox-root css-0"
        data-testid="helpTooltip"
      >
        <div
          class="css-b5pm8o"
        >
          <ion-icon
            data-testid="ionicon"
            src="/images/ionicons/help-circle-outline.svg"
            style="font-size: 18px; color: rgb(129, 135, 185);"
          />
        </div>
        <div
          class="MuiBox-root css-79elbk"
        >
          <div
            class="MuiCollapse-root MuiCollapse-vertical MuiCollapse-hidden css-199euq-MuiCollapse-root"
            style="min-height: 0px;"
          >
            <div
              class="MuiCollapse-wrapper MuiCollapse-vertical css-1642zpf-MuiCollapse-wrapper"
            >
              <div
                class="MuiCollapse-wrapperInner MuiCollapse-vertical css-xxknsj-MuiCollapse-wrapperInner"
              >
                <div
                  class="css-c7ciki"
                >
                  <div
                    class="css-r0i2lt"
                    data-testid="helpOver"
                  >
                    <a
                      class="css-ytumd6"
                      href="https://elasticsuite.zendesk.com"
                    >
                      Helpdesk
                    </a>
                    <a
                      class="css-ytumd6"
                      href="https://elastic-suite.github.io/documentation/"
                    >
                      User guide
                    </a>
                  </div>
                </div>
              </div>
            </div>
          </div>
        </div>
      </div>
      <div
        class="MuiBox-root css-0"
        data-testid="userMenu"
      >
        <div
          class="css-1gbhtbv"
        >
          <ion-icon
            data-testid="ionicon"
            src="/images/ionicons/person-outline.svg"
            style="font-size: 15px; color: rgb(129, 135, 185);"
          />
          <div
            class="css-14i4ulh"
            data-testid="userName"
          >
            Admin@example.com
          </div>
          <div
            class="css-1tg3i43"
          >
            <ion-icon
              data-testid="ionicon"
              src="/images/ionicons/chevron-down.svg"
              style="font-size: 15px; color: rgb(129, 135, 185);"
            />
          </div>
        </div>
        <div
          class="MuiBox-root css-79elbk"
        >
          <div
            class="MuiCollapse-root MuiCollapse-vertical MuiCollapse-hidden css-199euq-MuiCollapse-root"
            style="min-height: 0px;"
          >
            <div
              class="MuiCollapse-wrapper MuiCollapse-vertical css-1642zpf-MuiCollapse-wrapper"
            >
              <div
                class="MuiCollapse-wrapperInner MuiCollapse-vertical css-xxknsj-MuiCollapse-wrapperInner"
              >
                <div
                  class="css-1vcaigq"
                  data-testid="userMenuContent"
                >
                  <div
                    class="css-7hkggi"
                  >
                    <div
                      class="css-3lsmy"
                      data-testid="userEmail"
                    >
                      Admin@example.com
                    </div>
                    <div
                      class="css-1772pc6"
                    />
                    <div
                      class="css-9vgysh"
                      data-testid="logOutButton"
                    >
                      log.out
                    </div>
                  </div>
                </div>
              </div>
            </div>
          </div>
        </div>
      </div>
    </div>
  </div>
</div>
`;

exports[`AppBar match snapshot AppBarThreeSlug not connected 1`] = `
<div>
  <div
    class="css-19ii7w2"
    data-testid="appBar"
  >
    <nav
      aria-label="breadcrumb"
      class="MuiTypography-root MuiTypography-body1 MuiBreadcrumbs-root css-ayvqor-MuiTypography-root-MuiBreadcrumbs-root"
      data-testid="breadcrumbs"
    >
      <ol
        class="MuiBreadcrumbs-ol css-4pdmu4-MuiBreadcrumbs-ol"
      >
        <li
          class="MuiBreadcrumbs-li"
        >
          <p
            class="MuiTypography-root MuiTypography-body1 css-1kgipl8-MuiTypography-root"
          >
            <span
              class="css-1epdhd3"
            >
              Recherche
            </span>
          </p>
        </li>
        <li
          aria-hidden="true"
          class="MuiBreadcrumbs-separator css-1wuw8dw-MuiBreadcrumbs-separator"
        >
          /
        </li>
        <li
          class="MuiBreadcrumbs-li"
        >
          <p
            class="MuiTypography-root MuiTypography-body1 css-1kgipl8-MuiTypography-root"
          >
            <span
              class="css-1epdhd3"
            >
              Configuration
            </span>
          </p>
        </li>
        <li
          aria-hidden="true"
          class="MuiBreadcrumbs-separator css-1wuw8dw-MuiBreadcrumbs-separator"
        >
          /
        </li>
        <li
          class="MuiBreadcrumbs-li"
        >
          <p
            class="MuiTypography-root MuiTypography-body1 css-1kgipl8-MuiTypography-root"
          >
            <span
              class="css-6nl1o3"
            >
              Autocompl√©tion
            </span>
          </p>
        </li>
      </ol>
    </nav>
  </div>
</div>
`;

exports[`AppBar match snapshot AppBarTwoSlug 1`] = `
<div>
  <div
    class="css-19ii7w2"
    data-testid="appBar"
  >
    <nav
      aria-label="breadcrumb"
      class="MuiTypography-root MuiTypography-body1 MuiBreadcrumbs-root css-ayvqor-MuiTypography-root-MuiBreadcrumbs-root"
      data-testid="breadcrumbs"
    >
      <ol
        class="MuiBreadcrumbs-ol css-4pdmu4-MuiBreadcrumbs-ol"
      >
        <li
          class="MuiBreadcrumbs-li"
        >
          <p
            class="MuiTypography-root MuiTypography-body1 css-1kgipl8-MuiTypography-root"
          >
            <span
              class="css-1epdhd3"
            >
              Recherche
            </span>
          </p>
        </li>
        <li
          aria-hidden="true"
          class="MuiBreadcrumbs-separator css-1wuw8dw-MuiBreadcrumbs-separator"
        >
          /
        </li>
        <li
          class="MuiBreadcrumbs-li"
        >
          <p
            class="MuiTypography-root MuiTypography-body1 css-1kgipl8-MuiTypography-root"
          >
            <span
              class="css-6nl1o3"
            >
              Configuration
            </span>
          </p>
        </li>
      </ol>
    </nav>
    <div
      class="css-1gzl8uu"
    >
      <div
        class="MuiBox-root css-0"
        data-testid="helpTooltip"
      >
        <div
          class="css-b5pm8o"
        >
          <ion-icon
            data-testid="ionicon"
            src="/images/ionicons/help-circle-outline.svg"
            style="font-size: 18px; color: rgb(129, 135, 185);"
          />
        </div>
        <div
          class="MuiBox-root css-79elbk"
        >
          <div
            class="MuiCollapse-root MuiCollapse-vertical MuiCollapse-hidden css-199euq-MuiCollapse-root"
            style="min-height: 0px;"
          >
            <div
              class="MuiCollapse-wrapper MuiCollapse-vertical css-1642zpf-MuiCollapse-wrapper"
            >
              <div
                class="MuiCollapse-wrapperInner MuiCollapse-vertical css-xxknsj-MuiCollapse-wrapperInner"
              >
                <div
                  class="css-c7ciki"
                >
                  <div
                    class="css-r0i2lt"
                    data-testid="helpOver"
                  >
                    <a
                      class="css-ytumd6"
                      href="https://elasticsuite.zendesk.com"
                    >
                      Helpdesk
                    </a>
                    <a
                      class="css-ytumd6"
                      href="https://elastic-suite.github.io/documentation/"
                    >
                      User guide
                    </a>
                  </div>
                </div>
              </div>
            </div>
          </div>
        </div>
      </div>
      <div
        class="MuiBox-root css-0"
        data-testid="userMenu"
      >
        <div
          class="css-1gbhtbv"
        >
          <ion-icon
            data-testid="ionicon"
            src="/images/ionicons/person-outline.svg"
            style="font-size: 15px; color: rgb(129, 135, 185);"
          />
          <div
            class="css-14i4ulh"
            data-testid="userName"
          >
            Admin@example.com
          </div>
          <div
            class="css-1tg3i43"
          >
            <ion-icon
              data-testid="ionicon"
              src="/images/ionicons/chevron-down.svg"
              style="font-size: 15px; color: rgb(129, 135, 185);"
            />
          </div>
        </div>
        <div
          class="MuiBox-root css-79elbk"
        >
          <div
            class="MuiCollapse-root MuiCollapse-vertical MuiCollapse-hidden css-199euq-MuiCollapse-root"
            style="min-height: 0px;"
          >
            <div
              class="MuiCollapse-wrapper MuiCollapse-vertical css-1642zpf-MuiCollapse-wrapper"
            >
              <div
                class="MuiCollapse-wrapperInner MuiCollapse-vertical css-xxknsj-MuiCollapse-wrapperInner"
              >
                <div
                  class="css-1vcaigq"
                  data-testid="userMenuContent"
                >
                  <div
                    class="css-7hkggi"
                  >
                    <div
                      class="css-3lsmy"
                      data-testid="userEmail"
                    >
                      Admin@example.com
                    </div>
                    <div
                      class="css-1772pc6"
                    />
                    <div
                      class="css-9vgysh"
                      data-testid="logOutButton"
                    >
                      log.out
                    </div>
                  </div>
                </div>
              </div>
            </div>
          </div>
        </div>
      </div>
    </div>
  </div>
</div>
`;
