// Jest Snapshot v1, https://goo.gl/fbAQLP

exports[`NoAttributes NoAttributes with absolutLink 1`] = `
<div>
  <div
    class="css-1tomd0t"
  >
    <ion-icon
      data-testid="ionicon"
      src="/images/ionicons/custom/telescope-outline.svg"
      style="color: rgb(129, 135, 185); width: 40px; height: 40px;"
    />
    <div
      class="css-pbnn4f"
    >
      No attributes were specified as searchable in the settings
    </div>
    <button
      class="MuiButtonBase-root MuiButton-root MuiButton-contained MuiButton-containedPrimary MuiButton-sizeLarge MuiButton-containedSizeLarge css-zwkw2d-MuiButtonBase-root-MuiButton-root"
      data-testid="button"
      tabindex="0"
      type="button"
    >
      <a
        class="css-honi22"
        href="/admin/settings/attributes"
      >
        Add searchable attributes
      </a>
      <span
        class="MuiTouchRipple-root css-8je8zh-MuiTouchRipple-root"
      />
    </button>
  </div>
</div>
`;

exports[`NoAttributes NoAttributes without absolutLink 1`] = `
<div>
  <div
    class="css-1tomd0t"
  >
    <ion-icon
      data-testid="ionicon"
      src="/images/ionicons/custom/telescope-outline.svg"
      style="color: rgb(129, 135, 185); width: 40px; height: 40px;"
    />
    <div
      class="css-pbnn4f"
    >
      No attributes were specified as searchable in the settings
    </div>
    <button
      class="MuiButtonBase-root MuiButton-root MuiButton-contained MuiButton-containedPrimary MuiButton-sizeLarge MuiButton-containedSizeLarge css-zwkw2d-MuiButtonBase-root-MuiButton-root"
      data-testid="button"
      tabindex="0"
      type="button"
    >
      <a
        class="css-honi22"
        href="/admin/settings/attributes"
      >
        Add searchable attributes
      </a>
      <span
        class="MuiTouchRipple-root css-8je8zh-MuiTouchRipple-root"
      />
    </button>
  </div>
</div>
`;
