// Jest Snapshot v1, https://goo.gl/fbAQLP

exports[`TopProductsBanner Should match snapschot 1`] = `
<div>
  <div
    class="MuiBox-root css-1ndjkvn"
  >
    <div
      class="MuiBox-root css-1uy8uh1"
    >
      hello
    </div>
    <ion-icon
      src="/images/push-pin.svg"
    />
  </div>
</div>
`;
