// Jest Snapshot v1, https://goo.gl/fbAQLP

exports[`Checkbox sould match snapshot 1`] = `
<div>
  <label
    class="MuiFormControlLabel-root MuiFormControlLabel-labelPlacementEnd css-fbz9fk-MuiFormControlLabel-root"
  >
    <span
      class="MuiButtonBase-root MuiCheckbox-root MuiCheckbox-colorPrimary PrivateSwitchBase-root MuiCheckbox-root MuiCheckbox-colorPrimary css-nnfn9j-MuiButtonBase-root-MuiCheckbox-root"
    >
      <input
        class="PrivateSwitchBase-input css-1m9pwf3"
        data-indeterminate="false"
        type="checkbox"
        value="true"
      />
      <svg
        aria-hidden="true"
        class="MuiSvgIcon-root MuiSvgIcon-fontSizeMedium css-i4bv87-MuiSvgIcon-root"
        data-testid="CheckBoxOutlineBlankIcon"
        focusable="false"
        viewBox="0 0 24 24"
      >
        <path
          d="M19 5v14H5V5h14m0-2H5c-1.1 0-2 .9-2 2v14c0 1.1.9 2 2 2h14c1.1 0 2-.9 2-2V5c0-1.1-.9-2-2-2z"
        />
      </svg>
      <span
        class="MuiTouchRipple-root css-8je8zh-MuiTouchRipple-root"
      />
    </span>
    <span
      class="MuiTypography-root MuiTypography-body2 MuiFormControlLabel-label css-18f5x04-MuiTypography-root"
    >
      <div>
        Label
      </div>
    </span>
  </label>
</div>
`;
