// Jest Snapshot v1, https://goo.gl/fbAQLP

exports[`RangeError sould match snapshot 1`] = `
<div>
  <div
    class="MuiFormControl-root css-hh3vi8-MuiFormControl-root"
  >
    <label
      class="MuiFormLabel-root MuiInputLabel-root MuiInputLabel-formControl MuiInputLabel-animated MuiInputLabel-shrink MuiInputLabel-standard MuiFormLabel-colorPrimary MuiFormLabel-filled css-rnc4nv-MuiFormLabel-root-MuiInputLabel-root"
      data-shrink="true"
    >
      Label
    </label>
    <div
      class="InputText__Wrapper css-17fp4jk"
    >
      <div
        class="MuiInputBase-root MuiInputBase-colorPrimary MuiInputBase-formControl MuiInputBase-adornedEnd css-1jf161a-MuiInputBase-root"
      >
        <input
          aria-invalid="false"
          class="MuiInputBase-input MuiInputBase-inputAdornedEnd css-ngazp5-MuiInputBase-input"
          placeholder="date.placeholder"
          type="tel"
          value="04/12/2024"
        />
        <div
          class="MuiInputAdornment-root MuiInputAdornment-positionEnd MuiInputAdornment-standard MuiInputAdornment-sizeMedium css-1laqsz7-MuiInputAdornment-root"
        >
          <button
            aria-label="Choose date, selected date is Apr 12, 2024"
            class="MuiButtonBase-root MuiIconButton-root MuiIconButton-edgeEnd MuiIconButton-sizeMedium css-1yq5fb3-MuiButtonBase-root-MuiIconButton-root"
            tabindex="0"
            type="button"
          >
            <ion-icon
              name="calendar-outline"
              style="font-size: 18px; padding: 0px;"
            />
            <span
              class="MuiTouchRipple-root css-8je8zh-MuiTouchRipple-root"
            />
          </button>
        </div>
      </div>
    </div>
  </div>
</div>
`;
