// Jest Snapshot v1, https://goo.gl/fbAQLP

exports[`DropDownWithoutError match snapshot BadgeArrayObjectValue 1`] = `
<div>
  <div
    class="MuiFormControl-root css-1girsym-MuiFormControl-root"
  >
    <div
      class="MuiAutocomplete-root MuiAutocomplete-hasClearIcon MuiAutocomplete-hasPopupIcon css-1qqsdnr-MuiAutocomplete-root"
    >
      <div
        class="MuiFormControl-root css-hh3vi8-MuiFormControl-root"
      >
        <label
          class="MuiFormLabel-root MuiInputLabel-root MuiInputLabel-formControl MuiInputLabel-animated MuiInputLabel-shrink MuiInputLabel-standard MuiFormLabel-colorPrimary css-rnc4nv-MuiFormLabel-root-MuiInputLabel-root"
          data-shrink="true"
          for=":r6:"
        >
          Label
        </label>
        <div
          class="InputText__Wrapper css-17fp4jk"
        >
          <div
            class="MuiInputBase-root MuiInputBase-colorPrimary MuiInputBase-formControl MuiInputBase-adornedStart MuiInputBase-adornedEnd MuiAutocomplete-inputRoot css-33c5sc-MuiInputBase-root"
          >
            <div
              class="MuiButtonBase-root MuiChip-root MuiChip-filled MuiChip-sizeMedium MuiChip-colorDefault MuiChip-deletable MuiChip-deletableColorDefault MuiChip-filledDefault MuiAutocomplete-tag MuiAutocomplete-tagSizeMedium css-69f6vo-MuiButtonBase-root-MuiChip-root"
              data-tag-index="0"
              role="button"
              style="opacity: 1;"
              tabindex="-1"
            >
              <span
                class="MuiChip-label MuiChip-labelMedium css-6od3lo-MuiChip-label"
              >
                French (France)
              </span>
              <button
                class="MuiButtonBase-root MuiIconButton-root MuiIconButton-sizeMedium MuiChip-deleteIcon MuiChip-deleteIconMedium MuiChip-deleteIconColorDefault MuiChip-deleteIconFilledColorDefault css-78trlr-MuiButtonBase-root-MuiIconButton-root"
                tabindex="0"
                type="button"
              >
                <ion-icon
                  src="/images/ionicons/close.svg"
                />
                <span
                  class="MuiTouchRipple-root css-8je8zh-MuiTouchRipple-root"
                />
              </button>
            </div>
            <div
              class="MuiButtonBase-root MuiChip-root MuiChip-filled MuiChip-sizeMedium MuiChip-colorDefault MuiChip-deletable MuiChip-deletableColorDefault MuiChip-filledDefault MuiAutocomplete-tag MuiAutocomplete-tagSizeMedium css-69f6vo-MuiButtonBase-root-MuiChip-root"
              data-tag-index="1"
              role="button"
              style="opacity: 1;"
              tabindex="-1"
            >
              <span
                class="MuiChip-label MuiChip-labelMedium css-6od3lo-MuiChip-label"
              >
                English (United States)
              </span>
              <button
                class="MuiButtonBase-root MuiIconButton-root MuiIconButton-sizeMedium MuiChip-deleteIcon MuiChip-deleteIconMedium MuiChip-deleteIconColorDefault MuiChip-deleteIconFilledColorDefault css-78trlr-MuiButtonBase-root-MuiIconButton-root"
                tabindex="0"
                type="button"
              >
                <ion-icon
                  src="/images/ionicons/close.svg"
                />
                <span
                  class="MuiTouchRipple-root css-8je8zh-MuiTouchRipple-root"
                />
              </button>
            </div>
            <input
              aria-autocomplete="list"
              aria-expanded="false"
              aria-invalid="false"
              autocapitalize="none"
              autocomplete="off"
              class="MuiInputBase-input MuiInputBase-inputAdornedStart MuiInputBase-inputAdornedEnd MuiAutocomplete-input MuiAutocomplete-inputFocused css-ngazp5-MuiInputBase-input"
              id=":r6:"
              role="combobox"
              spellcheck="false"
              type="text"
              value=""
            />
            <div
              class="MuiAutocomplete-endAdornment css-1q60rmi-MuiAutocomplete-endAdornment"
            >
              <button
                aria-label="form.clear"
                class="MuiButtonBase-root MuiIconButton-root MuiIconButton-sizeMedium MuiAutocomplete-clearIndicator css-1glvl0p-MuiButtonBase-root-MuiIconButton-root-MuiAutocomplete-clearIndicator"
                tabindex="-1"
                title="form.clear"
                type="button"
              >
                <ion-icon
                  src="/images/ionicons/close.svg"
                />
                <span
                  class="MuiTouchRipple-root css-8je8zh-MuiTouchRipple-root"
                />
              </button>
              <button
                aria-label="form.open"
                class="MuiButtonBase-root MuiIconButton-root MuiIconButton-sizeMedium MuiAutocomplete-popupIndicator css-qzbt6i-MuiButtonBase-root-MuiIconButton-root-MuiAutocomplete-popupIndicator"
                tabindex="-1"
                title="form.open"
                type="button"
              >
                <ion-icon
                  src="/images/ionicons/chevron-down.svg"
                />
                <span
                  class="MuiTouchRipple-root css-8je8zh-MuiTouchRipple-root"
                />
              </button>
            </div>
          </div>
        </div>
      </div>
    </div>
  </div>
</div>
`;

exports[`DropDownWithoutError match snapshot BadgeDisabledFalse 1`] = `
<div>
  <div
    class="MuiFormControl-root css-1girsym-MuiFormControl-root"
  >
    <div
      class="MuiAutocomplete-root MuiAutocomplete-hasPopupIcon css-1qqsdnr-MuiAutocomplete-root"
    >
      <div
        class="MuiFormControl-root css-hh3vi8-MuiFormControl-root"
      >
        <div
          class="InputText__Wrapper css-17fp4jk"
        >
          <div
            class="MuiInputBase-root MuiInputBase-colorPrimary MuiInputBase-formControl MuiInputBase-adornedEnd MuiAutocomplete-inputRoot css-33c5sc-MuiInputBase-root"
          >
            <input
              aria-autocomplete="list"
              aria-expanded="false"
              aria-invalid="false"
              autocapitalize="none"
              autocomplete="off"
              class="MuiInputBase-input MuiInputBase-inputAdornedEnd MuiAutocomplete-input MuiAutocomplete-inputFocused css-ngazp5-MuiInputBase-input"
              id=":r0:"
              role="combobox"
              spellcheck="false"
              type="text"
              value=""
            />
            <div
              class="MuiAutocomplete-endAdornment css-1q60rmi-MuiAutocomplete-endAdornment"
            >
              <button
                aria-label="form.open"
                class="MuiButtonBase-root MuiIconButton-root MuiIconButton-sizeMedium MuiAutocomplete-popupIndicator css-qzbt6i-MuiButtonBase-root-MuiIconButton-root-MuiAutocomplete-popupIndicator"
                tabindex="-1"
                title="form.open"
                type="button"
              >
                <ion-icon
                  src="/images/ionicons/chevron-down.svg"
                />
                <span
                  class="MuiTouchRipple-root css-8je8zh-MuiTouchRipple-root"
                />
              </button>
            </div>
          </div>
        </div>
      </div>
    </div>
  </div>
</div>
`;

exports[`DropDownWithoutError match snapshot BadgeDisabledTrue 1`] = `
<div>
  <div
    class="MuiFormControl-root css-1girsym-MuiFormControl-root"
  >
    <div
      class="MuiAutocomplete-root MuiAutocomplete-hasPopupIcon css-1qqsdnr-MuiAutocomplete-root"
    >
      <div
        class="MuiFormControl-root css-hh3vi8-MuiFormControl-root"
      >
        <div
          class="InputText__Wrapper css-17fp4jk"
        >
          <div
            class="MuiInputBase-root MuiInputBase-colorPrimary Mui-disabled MuiInputBase-formControl MuiInputBase-adornedEnd MuiAutocomplete-inputRoot css-33c5sc-MuiInputBase-root"
          >
            <input
              aria-autocomplete="list"
              aria-expanded="false"
              aria-invalid="false"
              autocapitalize="none"
              autocomplete="off"
              class="MuiInputBase-input Mui-disabled MuiInputBase-inputAdornedEnd MuiAutocomplete-input MuiAutocomplete-inputFocused css-ngazp5-MuiInputBase-input"
              disabled=""
              id=":r1:"
              role="combobox"
              spellcheck="false"
              type="text"
              value=""
            />
            <div
              class="MuiAutocomplete-endAdornment css-1q60rmi-MuiAutocomplete-endAdornment"
            >
              <button
                aria-label="form.open"
                class="MuiButtonBase-root Mui-disabled MuiIconButton-root Mui-disabled MuiIconButton-sizeMedium MuiAutocomplete-popupIndicator css-qzbt6i-MuiButtonBase-root-MuiIconButton-root-MuiAutocomplete-popupIndicator"
                disabled=""
                tabindex="-1"
                title="form.open"
                type="button"
              >
                <ion-icon
                  src="/images/ionicons/chevron-down.svg"
                />
              </button>
            </div>
          </div>
        </div>
      </div>
    </div>
  </div>
</div>
`;

exports[`DropDownWithoutError match snapshot BadgeLabel 1`] = `
<div>
  <div
    class="MuiFormControl-root css-1girsym-MuiFormControl-root"
  >
    <div
      class="MuiAutocomplete-root MuiAutocomplete-hasPopupIcon css-1qqsdnr-MuiAutocomplete-root"
    >
      <div
        class="MuiFormControl-root css-hh3vi8-MuiFormControl-root"
      >
        <label
          class="MuiFormLabel-root MuiInputLabel-root MuiInputLabel-formControl MuiInputLabel-animated MuiInputLabel-shrink MuiInputLabel-standard MuiFormLabel-colorPrimary css-rnc4nv-MuiFormLabel-root-MuiInputLabel-root"
          data-shrink="true"
          for=":r2:"
        >
          Label
        </label>
        <div
          class="InputText__Wrapper css-17fp4jk"
        >
          <div
            class="MuiInputBase-root MuiInputBase-colorPrimary MuiInputBase-formControl MuiInputBase-adornedEnd MuiAutocomplete-inputRoot css-33c5sc-MuiInputBase-root"
          >
            <input
              aria-autocomplete="list"
              aria-expanded="false"
              aria-invalid="false"
              autocapitalize="none"
              autocomplete="off"
              class="MuiInputBase-input MuiInputBase-inputAdornedEnd MuiAutocomplete-input MuiAutocomplete-inputFocused css-ngazp5-MuiInputBase-input"
              id=":r2:"
              role="combobox"
              spellcheck="false"
              type="text"
              value=""
            />
            <div
              class="MuiAutocomplete-endAdornment css-1q60rmi-MuiAutocomplete-endAdornment"
            >
              <button
                aria-label="form.open"
                class="MuiButtonBase-root MuiIconButton-root MuiIconButton-sizeMedium MuiAutocomplete-popupIndicator css-qzbt6i-MuiButtonBase-root-MuiIconButton-root-MuiAutocomplete-popupIndicator"
                tabindex="-1"
                title="form.open"
                type="button"
              >
                <ion-icon
                  src="/images/ionicons/chevron-down.svg"
                />
                <span
                  class="MuiTouchRipple-root css-8je8zh-MuiTouchRipple-root"
                />
              </button>
            </div>
          </div>
        </div>
      </div>
    </div>
  </div>
</div>
`;

exports[`DropDownWithoutError match snapshot BadgeMultiple 1`] = `
<div>
  <div
    class="MuiFormControl-root css-1girsym-MuiFormControl-root"
  >
    <div
      class="MuiAutocomplete-root MuiAutocomplete-hasPopupIcon css-1qqsdnr-MuiAutocomplete-root"
    >
      <div
        class="MuiFormControl-root css-hh3vi8-MuiFormControl-root"
      >
        <label
          class="MuiFormLabel-root MuiInputLabel-root MuiInputLabel-formControl MuiInputLabel-animated MuiInputLabel-shrink MuiInputLabel-standard MuiFormLabel-colorPrimary css-rnc4nv-MuiFormLabel-root-MuiInputLabel-root"
          data-shrink="true"
          for=":r5:"
        >
          Label
        </label>
        <div
          class="InputText__Wrapper css-17fp4jk"
        >
          <div
            class="MuiInputBase-root MuiInputBase-colorPrimary MuiInputBase-formControl MuiInputBase-adornedEnd MuiAutocomplete-inputRoot css-33c5sc-MuiInputBase-root"
          >
            <input
              aria-autocomplete="list"
              aria-expanded="false"
              aria-invalid="false"
              autocapitalize="none"
              autocomplete="off"
              class="MuiInputBase-input MuiInputBase-inputAdornedEnd MuiAutocomplete-input MuiAutocomplete-inputFocused css-ngazp5-MuiInputBase-input"
              id=":r5:"
              role="combobox"
              spellcheck="false"
              type="text"
              value=""
            />
            <div
              class="MuiAutocomplete-endAdornment css-1q60rmi-MuiAutocomplete-endAdornment"
            >
              <button
                aria-label="form.open"
                class="MuiButtonBase-root MuiIconButton-root MuiIconButton-sizeMedium MuiAutocomplete-popupIndicator css-qzbt6i-MuiButtonBase-root-MuiIconButton-root-MuiAutocomplete-popupIndicator"
                tabindex="-1"
                title="form.open"
                type="button"
              >
                <ion-icon
                  src="/images/ionicons/chevron-down.svg"
                />
                <span
                  class="MuiTouchRipple-root css-8je8zh-MuiTouchRipple-root"
                />
              </button>
            </div>
          </div>
        </div>
      </div>
    </div>
  </div>
</div>
`;

exports[`DropDownWithoutError match snapshot BadgeObjectValue 1`] = `
<div>
  <div
    class="MuiFormControl-root css-1girsym-MuiFormControl-root"
  >
    <div
      class="MuiAutocomplete-root MuiAutocomplete-hasClearIcon MuiAutocomplete-hasPopupIcon css-1qqsdnr-MuiAutocomplete-root"
    >
      <div
        class="MuiFormControl-root css-hh3vi8-MuiFormControl-root"
      >
        <label
          class="MuiFormLabel-root MuiInputLabel-root MuiInputLabel-formControl MuiInputLabel-animated MuiInputLabel-shrink MuiInputLabel-standard MuiFormLabel-colorPrimary MuiFormLabel-filled css-rnc4nv-MuiFormLabel-root-MuiInputLabel-root"
          data-shrink="true"
          for=":r7:"
        >
          Label
        </label>
        <div
          class="InputText__Wrapper css-17fp4jk"
        >
          <div
            class="MuiInputBase-root MuiInputBase-colorPrimary MuiInputBase-formControl MuiInputBase-adornedEnd MuiAutocomplete-inputRoot css-33c5sc-MuiInputBase-root"
          >
            <input
              aria-autocomplete="list"
              aria-expanded="false"
              aria-invalid="false"
              autocapitalize="none"
              autocomplete="off"
              class="MuiInputBase-input MuiInputBase-inputAdornedEnd MuiAutocomplete-input MuiAutocomplete-inputFocused css-ngazp5-MuiInputBase-input"
              id=":r7:"
              role="combobox"
              spellcheck="false"
              type="text"
              value="French (France)"
            />
            <div
              class="MuiAutocomplete-endAdornment css-1q60rmi-MuiAutocomplete-endAdornment"
            >
              <button
                aria-label="form.clear"
                class="MuiButtonBase-root MuiIconButton-root MuiIconButton-sizeMedium MuiAutocomplete-clearIndicator css-1glvl0p-MuiButtonBase-root-MuiIconButton-root-MuiAutocomplete-clearIndicator"
                tabindex="-1"
                title="form.clear"
                type="button"
              >
                <ion-icon
                  src="/images/ionicons/close.svg"
                />
                <span
                  class="MuiTouchRipple-root css-8je8zh-MuiTouchRipple-root"
                />
              </button>
              <button
                aria-label="form.open"
                class="MuiButtonBase-root MuiIconButton-root MuiIconButton-sizeMedium MuiAutocomplete-popupIndicator css-qzbt6i-MuiButtonBase-root-MuiIconButton-root-MuiAutocomplete-popupIndicator"
                tabindex="-1"
                title="form.open"
                type="button"
              >
                <ion-icon
                  src="/images/ionicons/chevron-down.svg"
                />
                <span
                  class="MuiTouchRipple-root css-8je8zh-MuiTouchRipple-root"
                />
              </button>
            </div>
          </div>
        </div>
      </div>
    </div>
  </div>
</div>
`;

exports[`DropDownWithoutError match snapshot BadgeRequiredFalse 1`] = `
<div>
  <div
    class="MuiFormControl-root css-1girsym-MuiFormControl-root"
  >
    <div
      class="MuiAutocomplete-root MuiAutocomplete-hasPopupIcon css-1qqsdnr-MuiAutocomplete-root"
    >
      <div
        class="MuiFormControl-root css-hh3vi8-MuiFormControl-root"
      >
        <div
          class="InputText__Wrapper css-17fp4jk"
        >
          <div
            class="MuiInputBase-root MuiInputBase-colorPrimary MuiInputBase-formControl MuiInputBase-adornedEnd MuiAutocomplete-inputRoot css-33c5sc-MuiInputBase-root"
          >
            <input
              aria-autocomplete="list"
              aria-expanded="false"
              aria-invalid="false"
              autocapitalize="none"
              autocomplete="off"
              class="MuiInputBase-input MuiInputBase-inputAdornedEnd MuiAutocomplete-input MuiAutocomplete-inputFocused css-ngazp5-MuiInputBase-input"
              id=":r3:"
              role="combobox"
              spellcheck="false"
              type="text"
              value=""
            />
            <div
              class="MuiAutocomplete-endAdornment css-1q60rmi-MuiAutocomplete-endAdornment"
            >
              <button
                aria-label="form.open"
                class="MuiButtonBase-root MuiIconButton-root MuiIconButton-sizeMedium MuiAutocomplete-popupIndicator css-qzbt6i-MuiButtonBase-root-MuiIconButton-root-MuiAutocomplete-popupIndicator"
                tabindex="-1"
                title="form.open"
                type="button"
              >
                <ion-icon
                  src="/images/ionicons/chevron-down.svg"
                />
                <span
                  class="MuiTouchRipple-root css-8je8zh-MuiTouchRipple-root"
                />
              </button>
            </div>
          </div>
        </div>
      </div>
    </div>
  </div>
</div>
`;

exports[`DropDownWithoutError match snapshot BadgeRequiredTrue 1`] = `
<div>
  <div
    class="MuiFormControl-root css-1girsym-MuiFormControl-root"
  >
    <div
      class="MuiAutocomplete-root MuiAutocomplete-hasPopupIcon css-1qqsdnr-MuiAutocomplete-root"
    >
      <div
        class="MuiFormControl-root css-hh3vi8-MuiFormControl-root"
      >
        <div
          class="InputText__Wrapper css-17fp4jk"
        >
          <div
            class="MuiInputBase-root MuiInputBase-colorPrimary MuiInputBase-formControl MuiInputBase-adornedEnd MuiAutocomplete-inputRoot css-33c5sc-MuiInputBase-root"
          >
            <input
              aria-autocomplete="list"
              aria-expanded="false"
              aria-invalid="false"
              autocapitalize="none"
              autocomplete="off"
              class="MuiInputBase-input MuiInputBase-inputAdornedEnd MuiAutocomplete-input MuiAutocomplete-inputFocused css-ngazp5-MuiInputBase-input"
              id=":r4:"
              role="combobox"
              spellcheck="false"
              type="text"
              value=""
            />
            <div
              class="MuiAutocomplete-endAdornment css-1q60rmi-MuiAutocomplete-endAdornment"
            >
              <button
                aria-label="form.open"
                class="MuiButtonBase-root MuiIconButton-root MuiIconButton-sizeMedium MuiAutocomplete-popupIndicator css-qzbt6i-MuiButtonBase-root-MuiIconButton-root-MuiAutocomplete-popupIndicator"
                tabindex="-1"
                title="form.open"
                type="button"
              >
                <ion-icon
                  src="/images/ionicons/chevron-down.svg"
                />
                <span
                  class="MuiTouchRipple-root css-8je8zh-MuiTouchRipple-root"
                />
              </button>
            </div>
          </div>
        </div>
      </div>
    </div>
  </div>
</div>
`;
