// Jest Snapshot v1, https://goo.gl/fbAQLP

exports[`Expansion match snapshot Expansion Full 1`] = `
<div>
  <div
    class="MuiFormControl-root MuiFormControl-marginNormal css-1r71j8d-MuiFormControl-root"
  >
    <label
      class="MuiFormLabel-root MuiInputLabel-root MuiInputLabel-formControl MuiInputLabel-animated MuiInputLabel-shrink MuiInputLabel-standard MuiFormLabel-colorPrimary Mui-error Mui-required css-1cpkhc9-MuiFormLabel-root-MuiInputLabel-root"
      data-shrink="true"
    >
      <span
        aria-label="Expansion value ..."
        class=""
        data-mui-internal-clone-element="true"
        style="display: inline-block; padding-left: 10px; margin-bottom: -5px;"
      >
        <ion-icon
          src="/images/ionicons/information-circle-outline.svg"
          style="color: rgb(129, 135, 185); width: 20px; height: 20px; display: flex;"
        />
      </span>
      <span
        aria-hidden="true"
        class="MuiFormLabel-asterisk MuiInputLabel-asterisk Mui-error css-1ufxisk-MuiFormLabel-asterisk"
      >
         
        *
      </span>
    </label>
    <div
      class="css-cl0y5k"
    >
      <div
        style="display: flex; gap: 8px; flex-direction: column; margin-bottom: 24px;"
      >
        <div
          style="display: flex; align-items: center;"
        >
          <div
            style="position: relative; display: flex; gap: 32px;"
          >
            <div
              class="MuiFormControl-root css-hh3vi8-MuiFormControl-root"
            >
              <label
                class="MuiFormLabel-root MuiInputLabel-root MuiInputLabel-formControl MuiInputLabel-animated MuiInputLabel-shrink MuiInputLabel-standard MuiFormLabel-colorPrimary MuiFormLabel-filled Mui-required css-rnc4nv-MuiFormLabel-root-MuiInputLabel-root"
                data-shrink="true"
              >
                reference term
                <span
                  aria-hidden="true"
                  class="MuiFormLabel-asterisk MuiInputLabel-asterisk css-1ufxisk-MuiFormLabel-asterisk"
                >
                   
                  *
                </span>
              </label>
              <div
                class="InputText__Wrapper css-17fp4jk"
              >
                <div
                  class="MuiInputBase-root MuiInputBase-colorPrimary MuiInputBase-formControl css-1jf161a-MuiInputBase-root"
                  required=""
                >
                  <input
                    aria-invalid="false"
                    class="MuiInputBase-input css-ngazp5-MuiInputBase-input"
                    placeholder="reference term"
                    required=""
                    type="text"
                    value="top"
                  />
                </div>
              </div>
            </div>
            <div
              style="position: relative;"
            >
              <div
                class="css-vaijrj"
              >
                <div
                  style="margin-bottom: 4px;"
                >
                  <label
                    class="MuiFormLabel-root MuiInputLabel-root MuiInputLabel-formControl MuiInputLabel-animated MuiInputLabel-shrink MuiInputLabel-standard MuiFormLabel-colorPrimary Mui-error Mui-required css-rnc4nv-MuiFormLabel-root-MuiInputLabel-root"
                    data-shrink="true"
                  >
                    expansion terms
                    <span
                      aria-hidden="true"
                      class="MuiFormLabel-asterisk MuiInputLabel-asterisk Mui-error css-1ufxisk-MuiFormLabel-asterisk"
                    >
                       
                      *
                    </span>
                  </label>
                </div>
                <div
                  class="css-1mxyr7i"
                >
                  <div
                    class="css-r1vopi"
                  >
                    <div
                      class="MuiButtonBase-root MuiChip-root MuiChip-filled MuiChip-sizeMedium MuiChip-colorDefault MuiChip-deletable MuiChip-deletableColorDefault MuiChip-filledDefault css-69f6vo-MuiButtonBase-root-MuiChip-root"
                      role="button"
                      style="opacity: 1;"
                      tabindex="0"
                    >
                      <span
                        class="MuiChip-label MuiChip-labelMedium css-6od3lo-MuiChip-label"
                      >
                        pants
                      </span>
                      <button
                        class="MuiButtonBase-root MuiIconButton-root MuiIconButton-sizeMedium MuiChip-deleteIcon MuiChip-deleteIconMedium MuiChip-deleteIconColorDefault MuiChip-deleteIconFilledColorDefault css-78trlr-MuiButtonBase-root-MuiIconButton-root"
                        data-testid="chipCloseButton"
                        tabindex="0"
                        type="button"
                      >
                        <ion-icon
                          src="/images/ionicons/close.svg"
                        />
                        <span
                          class="MuiTouchRipple-root css-8je8zh-MuiTouchRipple-root"
                        />
                      </button>
                    </div>
                    <div
                      class="MuiButtonBase-root MuiChip-root MuiChip-filled MuiChip-sizeMedium MuiChip-colorDefault MuiChip-deletable MuiChip-deletableColorDefault MuiChip-filledDefault css-69f6vo-MuiButtonBase-root-MuiChip-root"
                      role="button"
                      style="opacity: 1;"
                      tabindex="0"
                    >
                      <span
                        class="MuiChip-label MuiChip-labelMedium css-6od3lo-MuiChip-label"
                      >
                        trousers
                      </span>
                      <button
                        class="MuiButtonBase-root MuiIconButton-root MuiIconButton-sizeMedium MuiChip-deleteIcon MuiChip-deleteIconMedium MuiChip-deleteIconColorDefault MuiChip-deleteIconFilledColorDefault css-78trlr-MuiButtonBase-root-MuiIconButton-root"
                        data-testid="chipCloseButton"
                        tabindex="0"
                        type="button"
                      >
                        <ion-icon
                          src="/images/ionicons/close.svg"
                        />
                        <span
                          class="MuiTouchRipple-root css-8je8zh-MuiTouchRipple-root"
                        />
                      </button>
                    </div>
                    <div
                      class="css-u4p24i"
                    >
                      <div
                        class="MuiFormControl-root css-hh3vi8-MuiFormControl-root"
                      >
                        <div
                          class="InputText__Wrapper css-17fp4jk"
                        >
                          <div
                            class="MuiInputBase-root MuiInputBase-colorPrimary MuiInputBase-formControl css-z54rnl-MuiInputBase-root"
                          >
                            <input
                              aria-invalid="false"
                              class="MuiInputBase-input css-ngazp5-MuiInputBase-input"
                              placeholder="Add text"
                              type="text"
                              value=""
                            />
                          </div>
                        </div>
                      </div>
                    </div>
                  </div>
                </div>
              </div>
            </div>
          </div>
          <button
            class="MuiButtonBase-root MuiIconButton-root MuiIconButton-sizeMedium css-78trlr-MuiButtonBase-root-MuiIconButton-root"
            style="margin: 24px 0px 0px 8px;"
            tabindex="0"
            type="button"
          >
            <ion-icon
              src="/images/ionicons/trash-outline.svg"
              style="font-size: 18px; color: rgb(66, 72, 128);"
            />
            <span
              class="MuiTouchRipple-root css-8je8zh-MuiTouchRipple-root"
            />
          </button>
        </div>
        <div
          style="display: flex; align-items: center;"
        >
          <div
            style="position: relative; display: flex; gap: 32px;"
          >
            <div
              class="MuiFormControl-root css-hh3vi8-MuiFormControl-root"
            >
              <label
                class="MuiFormLabel-root MuiInputLabel-root MuiInputLabel-formControl MuiInputLabel-animated MuiInputLabel-shrink MuiInputLabel-standard MuiFormLabel-colorPrimary MuiFormLabel-filled Mui-required css-rnc4nv-MuiFormLabel-root-MuiInputLabel-root"
                data-shrink="true"
              >
                reference term
                <span
                  aria-hidden="true"
                  class="MuiFormLabel-asterisk MuiInputLabel-asterisk css-1ufxisk-MuiFormLabel-asterisk"
                >
                   
                  *
                </span>
              </label>
              <div
                class="InputText__Wrapper css-17fp4jk"
              >
                <div
                  class="MuiInputBase-root MuiInputBase-colorPrimary MuiInputBase-formControl css-1jf161a-MuiInputBase-root"
                  required=""
                >
                  <input
                    aria-invalid="false"
                    class="MuiInputBase-input css-ngazp5-MuiInputBase-input"
                    placeholder="reference term"
                    required=""
                    type="text"
                    value="bottom"
                  />
                </div>
              </div>
            </div>
            <div
              style="position: relative;"
            >
              <div
                class="css-vaijrj"
              >
                <div
                  style="margin-bottom: 4px;"
                >
                  <label
                    class="MuiFormLabel-root MuiInputLabel-root MuiInputLabel-formControl MuiInputLabel-animated MuiInputLabel-shrink MuiInputLabel-standard MuiFormLabel-colorPrimary Mui-error Mui-required css-rnc4nv-MuiFormLabel-root-MuiInputLabel-root"
                    data-shrink="true"
                  >
                    expansion terms
                    <span
                      aria-hidden="true"
                      class="MuiFormLabel-asterisk MuiInputLabel-asterisk Mui-error css-1ufxisk-MuiFormLabel-asterisk"
                    >
                       
                      *
                    </span>
                  </label>
                </div>
                <div
                  class="css-1mxyr7i"
                >
                  <div
                    class="css-r1vopi"
                  >
                    <div
                      class="MuiButtonBase-root MuiChip-root MuiChip-filled MuiChip-sizeMedium MuiChip-colorDefault MuiChip-deletable MuiChip-deletableColorDefault MuiChip-filledDefault css-69f6vo-MuiButtonBase-root-MuiChip-root"
                      role="button"
                      style="opacity: 1;"
                      tabindex="0"
                    >
                      <span
                        class="MuiChip-label MuiChip-labelMedium css-6od3lo-MuiChip-label"
                      >
                        ankle socks
                      </span>
                      <button
                        class="MuiButtonBase-root MuiIconButton-root MuiIconButton-sizeMedium MuiChip-deleteIcon MuiChip-deleteIconMedium MuiChip-deleteIconColorDefault MuiChip-deleteIconFilledColorDefault css-78trlr-MuiButtonBase-root-MuiIconButton-root"
                        data-testid="chipCloseButton"
                        tabindex="0"
                        type="button"
                      >
                        <ion-icon
                          src="/images/ionicons/close.svg"
                        />
                        <span
                          class="MuiTouchRipple-root css-8je8zh-MuiTouchRipple-root"
                        />
                      </button>
                    </div>
                    <div
                      class="MuiButtonBase-root MuiChip-root MuiChip-filled MuiChip-sizeMedium MuiChip-colorDefault MuiChip-deletable MuiChip-deletableColorDefault MuiChip-filledDefault css-69f6vo-MuiButtonBase-root-MuiChip-root"
                      role="button"
                      style="opacity: 1;"
                      tabindex="0"
                    >
                      <span
                        class="MuiChip-label MuiChip-labelMedium css-6od3lo-MuiChip-label"
                      >
                        socks
                      </span>
                      <button
                        class="MuiButtonBase-root MuiIconButton-root MuiIconButton-sizeMedium MuiChip-deleteIcon MuiChip-deleteIconMedium MuiChip-deleteIconColorDefault MuiChip-deleteIconFilledColorDefault css-78trlr-MuiButtonBase-root-MuiIconButton-root"
                        data-testid="chipCloseButton"
                        tabindex="0"
                        type="button"
                      >
                        <ion-icon
                          src="/images/ionicons/close.svg"
                        />
                        <span
                          class="MuiTouchRipple-root css-8je8zh-MuiTouchRipple-root"
                        />
                      </button>
                    </div>
                    <div
                      class="css-u4p24i"
                    >
                      <div
                        class="MuiFormControl-root css-hh3vi8-MuiFormControl-root"
                      >
                        <div
                          class="InputText__Wrapper css-17fp4jk"
                        >
                          <div
                            class="MuiInputBase-root MuiInputBase-colorPrimary MuiInputBase-formControl css-z54rnl-MuiInputBase-root"
                          >
                            <input
                              aria-invalid="false"
                              class="MuiInputBase-input css-ngazp5-MuiInputBase-input"
                              placeholder="Add text"
                              type="text"
                              value=""
                            />
                          </div>
                        </div>
                      </div>
                    </div>
                  </div>
                </div>
              </div>
            </div>
          </div>
          <button
            class="MuiButtonBase-root MuiIconButton-root MuiIconButton-sizeMedium css-78trlr-MuiButtonBase-root-MuiIconButton-root"
            style="margin: 24px 0px 0px 8px;"
            tabindex="0"
            type="button"
          >
            <ion-icon
              src="/images/ionicons/trash-outline.svg"
              style="font-size: 18px; color: rgb(66, 72, 128);"
            />
            <span
              class="MuiTouchRipple-root css-8je8zh-MuiTouchRipple-root"
            />
          </button>
        </div>
      </div>
      <div
        style="display: flex; justify-content: right; margin-right: 44px;"
      >
        <button
          class="MuiButtonBase-root MuiButton-root MuiButton-contained MuiButton-containedPrimary MuiButton-sizeLarge MuiButton-containedSizeLarge css-156z0p6-MuiButtonBase-root-MuiButton-root"
          tabindex="0"
          type="button"
        >
          add
          <span
            class="MuiButton-endIcon MuiButton-iconSizeLarge css-4egbtc-MuiButton-endIcon"
          >
            <ion-icon
              src="/images/ionicons/add.svg"
              style="font-size: 24px;"
            />
          </span>
          <span
            class="MuiTouchRipple-root css-8je8zh-MuiTouchRipple-root"
          />
        </button>
      </div>
    </div>
    <p
      class="MuiFormHelperText-root Mui-error MuiFormHelperText-sizeMedium css-1kzozl2-MuiFormHelperText-root"
    >
      <ion-icon
        src="/images/ionicons/close.svg"
        style="font-size: 18px; margin-right: 2px;"
      />
      helperText
    </p>
  </div>
</div>
`;
