// Jest Snapshot v1, https://goo.gl/fbAQLP

exports[`InputTextError match snapshot 1`] = `
<div>
  <div
    class="MuiFormControl-root css-hh3vi8-MuiFormControl-root"
  >
    <label
      class="MuiFormLabel-root MuiInputLabel-root MuiInputLabel-formControl MuiInputLabel-animated MuiInputLabel-shrink MuiInputLabel-standard MuiFormLabel-colorPrimary MuiFormLabel-filled css-rnc4nv-MuiFormLabel-root-MuiInputLabel-root"
      data-shrink="true"
      for="input-text"
    >
      Label
    </label>
    <div
      class="InputText__Wrapper css-17fp4jk"
    >
      <div
        class="MuiInputBase-root MuiInputBase-colorPrimary MuiInputBase-formControl css-1jf161a-MuiInputBase-root"
      >
        <input
          aria-invalid="false"
          class="MuiInputBase-input css-ngazp5-MuiInputBase-input"
          id="input-text"
          placeholder="Name"
          type="text"
          value="hello world"
        />
      </div>
    </div>
  </div>
</div>
`;
