// Jest Snapshot v1, https://goo.gl/fbAQLP

exports[`Textarea sould match snapshot 1`] = `
<div>
  <div
    class="MuiFormControl-root css-1girsym-MuiFormControl-root"
  >
    <label
      class="MuiFormLabel-root MuiInputLabel-root MuiInputLabel-formControl MuiInputLabel-animated MuiInputLabel-shrink MuiInputLabel-standard MuiFormLabel-colorPrimary css-rnc4nv-MuiFormLabel-root-MuiInputLabel-root"
      data-shrink="true"
    >
      Label
    </label>
    <textarea
      class="textarea--filled"
      maxlength="250"
      rows="1"
      style="height: 150px; min-width: 320px; resize: none; overflow: hidden;"
    >
      Test
    </textarea>
    <textarea
      aria-hidden="true"
      class="textarea--filled"
      readonly=""
      style="visibility: hidden; position: absolute; overflow: hidden; height: 150px; top: 0px; left: 0px; transform: translateZ(0); min-width: 320px; resize: none; padding: 0px;"
      tabindex="-1"
    />
    <div
      style="display: flex; flex-direction: row; justify-content: flex-end;"
    >
      <p
        class="MuiFormHelperText-root MuiFormHelperText-sizeMedium css-1kzozl2-MuiFormHelperText-root"
        style="display: block; text-align: right;"
      >
        4/250
      </p>
    </div>
  </div>
</div>
`;
