// Jest Snapshot v1, https://goo.gl/fbAQLP

exports[`TreeSelectorWithoutError should match snapshot 1`] = `
<div>
  <div
    class="css-1b4s9jn"
    data-testid="treeSelector"
  >
    <div
      class="MuiFormControl-root css-hh3vi8-MuiFormControl-root"
    >
      <div
        class="InputText__Wrapper css-17fp4jk"
      >
        <div
          class="MuiInputBase-root MuiInputBase-colorPrimary MuiInputBase-formControl MuiInputBase-adornedStart MuiInputBase-adornedEnd  css-4g1i97-MuiInputBase-root"
        >
          <input
            aria-autocomplete="list"
            aria-expanded="false"
            aria-invalid="false"
            autocapitalize="none"
            autocomplete="off"
            class="MuiInputBase-input MuiInputBase-inputAdornedStart MuiInputBase-inputAdornedEnd css-ngazp5-MuiInputBase-input"
            data-testid="inputText|treeSelector"
            id=":r0:"
            role="combobox"
            spellcheck="false"
            type="text"
            value=""
          />
          <div
            class="MuiInputAdornment-root MuiInputAdornment-positionEnd MuiInputAdornment-standard MuiInputAdornment-sizeMedium css-1uab8qk-MuiInputAdornment-root"
          >
            <button
              aria-label="form.open"
              class="MuiButtonBase-root MuiIconButton-root MuiIconButton-sizeMedium css-1x878dy-MuiButtonBase-root-MuiIconButton-root"
              tabindex="-1"
              title="form.open"
              type="button"
            >
              <ion-icon
                data-testid="ionicon"
                src="/images/ionicons/chevron-down.svg"
              />
              <span
                class="MuiTouchRipple-root css-8je8zh-MuiTouchRipple-root"
              />
            </button>
          </div>
        </div>
      </div>
    </div>
  </div>
</div>
`;
