// Jest Snapshot v1, https://goo.gl/fbAQLP

exports[`Score Should match snapschot 1`] = `
<div>
  <div
    class="MuiBox-root css-0"
  >
    <div
      class="MuiBox-root css-1q1dwxg"
    >
      100.11
    </div>
    <div
      class="MuiBox-root css-1utx3w7"
    >
      <div
        class="MuiBox-root css-12xvij6"
      >
        <ion-icon
          src="/images/ionicons/trending-down-outline.svg"
          style="width: 14px; height: 8px;"
        />
      </div>
      <div
        class="MuiBox-root css-iudta7"
      >
         x1.1 ( 1 boost) 
      </div>
    </div>
  </div>
</div>
`;
