// Jest Snapshot v1, https://goo.gl/fbAQLP

exports[`ProportionalToAttributes Should match snapschot 1`] = `
<div>
  <div
    class="css-1821gv5"
  >
    <div
      class="MuiFormControl-root MuiFormControl-fullWidth css-1wl9gy3-MuiFormControl-root"
    >
      <div
        class="MuiAutocomplete-root MuiAutocomplete-hasPopupIcon css-1qqsdnr-MuiAutocomplete-root"
      >
        <div
          class="MuiFormControl-root MuiFormControl-fullWidth css-1w6fxiz-MuiFormControl-root"
        >
          <label
            class="MuiFormLabel-root MuiInputLabel-root MuiInputLabel-formControl MuiInputLabel-animated MuiInputLabel-shrink MuiInputLabel-standard MuiFormLabel-colorPrimary Mui-required css-rnc4nv-MuiFormLabel-root-MuiInputLabel-root"
            data-shrink="true"
            for=":r0:"
          >
            boostConfig.sourceField
            <span
              aria-hidden="true"
              class="MuiFormLabel-asterisk MuiInputLabel-asterisk css-1ufxisk-MuiFormLabel-asterisk"
            >
               
              *
            </span>
          </label>
          <div
            class="InputText__Wrapper css-17fp4jk"
          >
            <div
              class="MuiInputBase-root MuiInputBase-colorPrimary MuiInputBase-formControl MuiInputBase-adornedEnd MuiAutocomplete-inputRoot css-159ra7o-MuiInputBase-root"
            >
              <input
                aria-autocomplete="list"
                aria-expanded="false"
                aria-invalid="false"
                autocapitalize="none"
                autocomplete="off"
                class="MuiInputBase-input MuiInputBase-inputAdornedEnd MuiAutocomplete-input MuiAutocomplete-inputFocused css-ngazp5-MuiInputBase-input"
                id=":r0:"
                placeholder="boostConfig.sourceField.placeholder"
                role="combobox"
                spellcheck="false"
                type="text"
                value=""
              />
              <div
                class="MuiAutocomplete-endAdornment css-1q60rmi-MuiAutocomplete-endAdornment"
              >
                <button
                  aria-label="form.open"
                  class="MuiButtonBase-root MuiIconButton-root MuiIconButton-sizeMedium MuiAutocomplete-popupIndicator css-qzbt6i-MuiButtonBase-root-MuiIconButton-root-MuiAutocomplete-popupIndicator"
                  tabindex="-1"
                  title="form.open"
                  type="button"
                >
                  <ion-icon
                    src="/images/ionicons/chevron-down.svg"
                  />
                  <span
                    class="MuiTouchRipple-root css-8je8zh-MuiTouchRipple-root"
                  />
                </button>
              </div>
            </div>
          </div>
        </div>
      </div>
    </div>
    <div
      class="MuiFormControl-root MuiFormControl-marginNormal css-e5cteh-MuiFormControl-root"
    >
      <label
        class="MuiFormLabel-root MuiInputLabel-root MuiInputLabel-formControl MuiInputLabel-animated MuiInputLabel-shrink MuiInputLabel-standard MuiFormLabel-colorPrimary Mui-required css-rnc4nv-MuiFormLabel-root-MuiInputLabel-root"
        data-shrink="true"
        style="position: relative;"
      >
        boostConfig.boostImpact
        <span
          aria-hidden="true"
          class="MuiFormLabel-asterisk MuiInputLabel-asterisk css-1ufxisk-MuiFormLabel-asterisk"
        >
           
          *
        </span>
      </label>
      <div
        class="MuiFormGroup-root css-dmmspl-MuiFormGroup-root"
        required=""
        role="radiogroup"
      >
        <label
          class="MuiFormControlLabel-root MuiFormControlLabel-labelPlacementEnd css-fbz9fk-MuiFormControlLabel-root"
        >
          <span
            class="MuiButtonBase-root MuiRadio-root MuiRadio-colorPrimary PrivateSwitchBase-root MuiRadio-root MuiRadio-colorPrimary css-14bw0ew-MuiButtonBase-root-MuiRadio-root"
          >
            <input
              class="PrivateSwitchBase-input css-1m9pwf3"
              name=":r1:"
              type="radio"
              value="log1p"
            />
            <span
              class="css-hyxlzm"
            >
              <svg
                aria-hidden="true"
                class="MuiSvgIcon-root MuiSvgIcon-fontSizeMedium css-1hbvpl3-MuiSvgIcon-root"
                data-testid="RadioButtonUncheckedIcon"
                focusable="false"
                viewBox="0 0 24 24"
              >
                <path
                  d="M12 2C6.48 2 2 6.48 2 12s4.48 10 10 10 10-4.48 10-10S17.52 2 12 2zm0 18c-4.42 0-8-3.58-8-8s3.58-8 8-8 8 3.58 8 8-3.58 8-8 8z"
                />
              </svg>
              <svg
                aria-hidden="true"
                class="MuiSvgIcon-root MuiSvgIcon-fontSizeMedium css-1hhw7if-MuiSvgIcon-root"
                data-testid="RadioButtonCheckedIcon"
                focusable="false"
                viewBox="0 0 24 24"
              >
                <path
                  d="M8.465 8.465C9.37 7.56 10.62 7 12 7C14.76 7 17 9.24 17 12C17 13.38 16.44 14.63 15.535 15.535C14.63 16.44 13.38 17 12 17C9.24 17 7 14.76 7 12C7 10.62 7.56 9.37 8.465 8.465Z"
                />
              </svg>
            </span>
            <span
              class="MuiTouchRipple-root css-8je8zh-MuiTouchRipple-root"
            />
          </span>
          <span
            class="MuiTypography-root MuiTypography-body1 MuiFormControlLabel-label css-1kgipl8-MuiTypography-root"
          >
            Bas
          </span>
        </label>
        <label
          class="MuiFormControlLabel-root MuiFormControlLabel-labelPlacementEnd css-fbz9fk-MuiFormControlLabel-root"
        >
          <span
            class="MuiButtonBase-root MuiRadio-root MuiRadio-colorPrimary PrivateSwitchBase-root MuiRadio-root MuiRadio-colorPrimary css-14bw0ew-MuiButtonBase-root-MuiRadio-root"
          >
            <input
              class="PrivateSwitchBase-input css-1m9pwf3"
              name=":r1:"
              type="radio"
              value="sqrt"
            />
            <span
              class="css-hyxlzm"
            >
              <svg
                aria-hidden="true"
                class="MuiSvgIcon-root MuiSvgIcon-fontSizeMedium css-1hbvpl3-MuiSvgIcon-root"
                data-testid="RadioButtonUncheckedIcon"
                focusable="false"
                viewBox="0 0 24 24"
              >
                <path
                  d="M12 2C6.48 2 2 6.48 2 12s4.48 10 10 10 10-4.48 10-10S17.52 2 12 2zm0 18c-4.42 0-8-3.58-8-8s3.58-8 8-8 8 3.58 8 8-3.58 8-8 8z"
                />
              </svg>
              <svg
                aria-hidden="true"
                class="MuiSvgIcon-root MuiSvgIcon-fontSizeMedium css-1hhw7if-MuiSvgIcon-root"
                data-testid="RadioButtonCheckedIcon"
                focusable="false"
                viewBox="0 0 24 24"
              >
                <path
                  d="M8.465 8.465C9.37 7.56 10.62 7 12 7C14.76 7 17 9.24 17 12C17 13.38 16.44 14.63 15.535 15.535C14.63 16.44 13.38 17 12 17C9.24 17 7 14.76 7 12C7 10.62 7.56 9.37 8.465 8.465Z"
                />
              </svg>
            </span>
            <span
              class="MuiTouchRipple-root css-8je8zh-MuiTouchRipple-root"
            />
          </span>
          <span
            class="MuiTypography-root MuiTypography-body1 MuiFormControlLabel-label css-1kgipl8-MuiTypography-root"
          >
            Moyen
          </span>
        </label>
        <label
          class="MuiFormControlLabel-root MuiFormControlLabel-labelPlacementEnd css-fbz9fk-MuiFormControlLabel-root"
        >
          <span
            class="MuiButtonBase-root MuiRadio-root MuiRadio-colorPrimary PrivateSwitchBase-root MuiRadio-root MuiRadio-colorPrimary css-14bw0ew-MuiButtonBase-root-MuiRadio-root"
          >
            <input
              class="PrivateSwitchBase-input css-1m9pwf3"
              name=":r1:"
              type="radio"
              value="none"
            />
            <span
              class="css-hyxlzm"
            >
              <svg
                aria-hidden="true"
                class="MuiSvgIcon-root MuiSvgIcon-fontSizeMedium css-1hbvpl3-MuiSvgIcon-root"
                data-testid="RadioButtonUncheckedIcon"
                focusable="false"
                viewBox="0 0 24 24"
              >
                <path
                  d="M12 2C6.48 2 2 6.48 2 12s4.48 10 10 10 10-4.48 10-10S17.52 2 12 2zm0 18c-4.42 0-8-3.58-8-8s3.58-8 8-8 8 3.58 8 8-3.58 8-8 8z"
                />
              </svg>
              <svg
                aria-hidden="true"
                class="MuiSvgIcon-root MuiSvgIcon-fontSizeMedium css-1hhw7if-MuiSvgIcon-root"
                data-testid="RadioButtonCheckedIcon"
                focusable="false"
                viewBox="0 0 24 24"
              >
                <path
                  d="M8.465 8.465C9.37 7.56 10.62 7 12 7C14.76 7 17 9.24 17 12C17 13.38 16.44 14.63 15.535 15.535C14.63 16.44 13.38 17 12 17C9.24 17 7 14.76 7 12C7 10.62 7.56 9.37 8.465 8.465Z"
                />
              </svg>
            </span>
            <span
              class="MuiTouchRipple-root css-8je8zh-MuiTouchRipple-root"
            />
          </span>
          <span
            class="MuiTypography-root MuiTypography-body1 MuiFormControlLabel-label css-1kgipl8-MuiTypography-root"
          >
            Haut
          </span>
        </label>
      </div>
    </div>
    <div
      class="MuiFormControl-root css-hh3vi8-MuiFormControl-root"
    >
      <div
        class="InputText__Wrapper css-17fp4jk"
      >
        <div
          class="MuiInputBase-root MuiInputBase-colorPrimary MuiInputBase-formControl css-33c5sc-MuiInputBase-root"
          style="display: none;"
        >
          <input
            aria-invalid="false"
            class="MuiInputBase-input css-ngazp5-MuiInputBase-input"
            type="text"
            value=""
          />
        </div>
      </div>
    </div>
    <div
      class="MuiFormControl-root css-hh3vi8-MuiFormControl-root"
    >
      <label
        class="MuiFormLabel-root MuiInputLabel-root MuiInputLabel-formControl MuiInputLabel-animated MuiInputLabel-shrink MuiInputLabel-standard MuiFormLabel-colorPrimary MuiFormLabel-filled Mui-required css-rnc4nv-MuiFormLabel-root-MuiInputLabel-root"
        data-shrink="true"
      >
        boostConfig.scaleFactor
        <span
          aria-label="boostConfig.scaleFactorTooltip"
          class=""
          data-mui-internal-clone-element="true"
          style="display: inline-block; padding-left: 10px; margin-bottom: -5px;"
        >
          <ion-icon
            src="/images/ionicons/information-circle-outline.svg"
            style="color: rgb(129, 135, 185); width: 20px; height: 20px; display: flex;"
          />
        </span>
        <span
          aria-hidden="true"
          class="MuiFormLabel-asterisk MuiInputLabel-asterisk css-1ufxisk-MuiFormLabel-asterisk"
        >
           
          *
        </span>
      </label>
      <div
        class="InputText__Wrapper css-17fp4jk"
      >
        <div
          class="MuiInputBase-root MuiInputBase-colorPrimary MuiInputBase-formControl css-243101-MuiInputBase-root"
          required=""
        >
          <input
            aria-invalid="false"
            class="MuiInputBase-input css-ngazp5-MuiInputBase-input"
            min="0"
            required=""
            step="any"
            type="number"
            value="1"
          />
        </div>
      </div>
    </div>
  </div>
</div>
`;
